#0 building with "default" instance using docker driver

#1 [internal] load build definition from Dockerfile
#1 transferring dockerfile: 2.81kB done
#1 DONE 0.0s

#2 resolve image config for docker-image://docker.io/docker/dockerfile:1.7
#2 DONE 1.5s

#3 docker-image://docker.io/docker/dockerfile:1.7@sha256:a57df69d0ea827fb7266491f2813635de6f17269be881f696fbfdf2d83dda33e
#3 resolve docker.io/docker/dockerfile:1.7@sha256:a57df69d0ea827fb7266491f2813635de6f17269be881f696fbfdf2d83dda33e 0.0s done
#3 CACHED

#4 [internal] load metadata for docker.io/mambaorg/micromamba:2.0.5
#4 ...

#5 [context raw] load .dockerignore
#5 transferring raw: 2B done
#5 DONE 0.0s

#6 [context src] load .dockerignore
#6 transferring src: 2B done
#6 DONE 0.0s

#7 [context baselines] load .dockerignore
#7 transferring baselines: 2B done
#7 DONE 0.0s

#8 [context libredwg] load .dockerignore
#8 transferring libredwg: 369B done
#8 DONE 0.0s

#4 [internal] load metadata for docker.io/mambaorg/micromamba:2.0.5
#4 DONE 1.3s

#9 [internal] load .dockerignore
#9 transferring context: 2B done
#9 DONE 0.0s

#10 [gis  1/15] FROM docker.io/mambaorg/micromamba:2.0.5@sha256:8d0d4cad074afe3ac93b58dce88bd2659153d3fa6de3a6968f501710e8d3c832
#10 resolve docker.io/mambaorg/micromamba:2.0.5@sha256:8d0d4cad074afe3ac93b58dce88bd2659153d3fa6de3a6968f501710e8d3c832 0.0s done
#10 DONE 0.0s

#11 [internal] load build context
#11 transferring context: 163B done
#11 DONE 0.0s

#12 [context raw] load from client
#12 transferring raw: 612B done
#12 DONE 0.0s

#13 [context src] load from client
#13 transferring src: 269.54kB 0.0s done
#13 DONE 0.0s

#14 [context baselines] load from client
#14 transferring baselines: 5.06kB 0.0s done
#14 DONE 0.0s

#15 [context libredwg] load from client
#15 transferring libredwg: 61.04kB 0.1s done
#15 DONE 0.1s

#16 [gis  4/15] RUN apt-get update && apt-get install -y --no-install-recommends         autoconf automake libtool gcc g++ make swig python3-dev pkg-config texinfo     && rm -rf /var/lib/apt/lists/*
#16 CACHED

#17 [gis  5/15] COPY --from=libredwg / /usr/src/libredwg/
#17 CACHED

#18 [gis  6/15] WORKDIR /usr/src/libredwg
#18 CACHED

#19 [gis  3/15] RUN micromamba create -y -n cad2gis -f /app/env/environment.yml     && micromamba clean -ay
#19 CACHED

#20 [gis  7/15] RUN export PATH=/opt/mamba/envs/cad2gis/bin:/usr/local/sbin:/usr/local/bin:/usr/sbin:/usr/bin:/sbin:/bin     && autoreconf -fi     && ./configure --prefix=/usr/local --enable-python     && make -j"$(nproc)"     && make install     && ldconfig     && printf '%s\n' /usr/local/lib/python3.12/site-packages        > /opt/mamba/envs/cad2gis/lib/python3.12/site-packages/libredwg.pth
#20 CACHED

#21 [gis  2/15] COPY env/environment.yml /app/env/environment.yml
#21 CACHED

#22 [gis  8/15] COPY pyproject.toml /app/pyproject.toml
#22 CACHED

#23 [gis  9/15] COPY --from=src / /app/src/
#23 DONE 0.2s

#24 [gis 10/15] RUN /opt/mamba/envs/cad2gis/bin/pip install pillow     && /opt/mamba/envs/cad2gis/bin/pip install /app     && /opt/mamba/envs/cad2gis/bin/python -c "import LibreDWG, PIL; print('LibreDWG OK; Pillow', PIL.__version__)"
#24 2.657 Collecting pillow
#24 3.145   Downloading pillow-12.3.0-cp312-cp312-manylinux_2_27_x86_64.manylinux_2_28_x86_64.whl.metadata (9.1 kB)
#24 3.321 Downloading pillow-12.3.0-cp312-cp312-manylinux_2_27_x86_64.manylinux_2_28_x86_64.whl (6.9 MB)
#24 4.723    ━━━━━━━━━━━━━━━━━━━━━━━━━━━━━━━━━━━━━━━━ 6.9/6.9 MB 8.3 MB/s eta 0:00:00
#24 4.775 Installing collected packages: pillow
#24 5.023 WARNING: Running pip as the 'root' user can result in broken permissions and conflicting behaviour with the system package manager, possibly rendering your system unusable. It is recommended to use a virtual environment instead: https://pip.pypa.io/warnings/venv. Use the --root-user-action option if you know what you are doing and want to suppress this warning.
#24 5.023 Successfully installed pillow-12.3.0
#24 6.021 Processing /app
#24 6.025   Installing build dependencies: started
#24 8.986   Installing build dependencies: finished with status 'done'
#24 8.987   Getting requirements to build wheel: started
#24 9.298   Getting requirements to build wheel: finished with status 'done'
#24 9.300   Preparing metadata (pyproject.toml): started
#24 9.423   Preparing metadata (pyproject.toml): finished with status 'done'
#24 9.425 Requirement already satisfied: numpy>=1.24 in /opt/mamba/envs/cad2gis/lib/python3.12/site-packages (from cad2gis==0.1.0) (2.5.2)
#24 10.63 Collecting scipy>=1.10 (from cad2gis==0.1.0)
#24 11.09   Downloading scipy-1.18.1-cp312-cp312-manylinux_2_27_x86_64.manylinux_2_28_x86_64.whl.metadata (62 kB)
#24 11.42 Requirement already satisfied: shapely>=2.0 in /opt/mamba/envs/cad2gis/lib/python3.12/site-packages (from cad2gis==0.1.0) (2.1.2)
#24 11.58 Downloading scipy-1.18.1-cp312-cp312-manylinux_2_27_x86_64.manylinux_2_28_x86_64.whl (35.3 MB)
#24 14.83    ━━━━━━━━━━━━━━━━━━━━━━━━━━━━━━━━━━━━━━━━ 35.3/35.3 MB 12.9 MB/s eta 0:00:00
#24 14.85 Building wheels for collected packages: cad2gis
#24 14.85   Building wheel for cad2gis (pyproject.toml): started
#24 15.06   Building wheel for cad2gis (pyproject.toml): finished with status 'done'
#24 15.06   Created wheel for cad2gis: filename=cad2gis-0.1.0-py3-none-any.whl size=466018 sha256=f08c77f36e0b2e66eca7bd226c80e45a28d3caa202f269e6dc39c39634c45f0e
#24 15.06   Stored in directory: /tmp/pip-ephem-wheel-cache-9tmovfn2/wheels/54/1b/b7/aa63e25c8f14f4f2ae7b04e6097bdecb770e455c5c1ee0a600
#24 15.07 Successfully built cad2gis
#24 15.09 Installing collected packages: scipy, cad2gis
#24 18.15 
#24 18.16 Successfully installed cad2gis-0.1.0 scipy-1.18.1
#24 18.16 WARNING: Running pip as the 'root' user can result in broken permissions and conflicting behaviour with the system package manager, possibly rendering your system unusable. It is recommended to use a virtual environment instead: https://pip.pypa.io/warnings/venv. Use the --root-user-action option if you know what you are doing and want to suppress this warning.
#24 18.29 LibreDWG OK; Pillow 12.3.0
#24 DONE 18.9s

#25 [gis 11/15] COPY --from=baselines / /app/baselines/
#25 DONE 0.2s

#26 [gis 12/15] COPY --from=raw / /app/raw/
#26 DONE 0.1s

#27 [gis 13/15] COPY scripts/run_all.sh /usr/local/bin/run_all.sh
#27 DONE 0.0s

#28 [gis 14/15] RUN chmod 0755 /usr/local/bin/run_all.sh
#28 DONE 0.2s

#29 [gis 15/15] WORKDIR /app
#29 DONE 0.1s

#30 exporting to image
#30 exporting layers
#30 exporting layers 2.5s done
#30 exporting manifest sha256:92fa07719077d806ed443d8d2c0af5d9e9b16e6a3b0d869a3e8dab313e4c3898 0.0s done
#30 exporting config sha256:7e3a04de2d2ee5f86c4e2d6e347c758e30a1d79226b1f2db93d248f1576c9e96 0.0s done
#30 exporting attestation manifest sha256:2a8a3dd02e2a410c25b237a2cd50f109a88203511a6ce5b4297a238196593a3c 0.0s done
#30 exporting manifest list sha256:8534738b10998ccb798f61b368874b085b2fd77c740463cbd90f46735c771bf1 0.0s done
#30 naming to docker.io/library/cad2gis-ftth:0.1.0 done
#30 unpacking to docker.io/library/cad2gis-ftth:0.1.0
#30 unpacking to docker.io/library/cad2gis-ftth:0.1.0 1.1s done
#30 DONE 3.7s
