#0 building with "default" instance using docker driver

#1 [internal] load build definition from Dockerfile
#1 transferring dockerfile: 2.72kB done
#1 DONE 0.0s

#2 resolve image config for docker-image://docker.io/docker/dockerfile:1.7
#2 DONE 1.3s

#3 docker-image://docker.io/docker/dockerfile:1.7@sha256:a57df69d0ea827fb7266491f2813635de6f17269be881f696fbfdf2d83dda33e
#3 resolve docker.io/docker/dockerfile:1.7@sha256:a57df69d0ea827fb7266491f2813635de6f17269be881f696fbfdf2d83dda33e 0.0s done
#3 CACHED

#4 [internal] load metadata for docker.io/mambaorg/micromamba:2.0.5
#4 ...

#5 [context src] load .dockerignore
#5 transferring src: 2B done
#5 DONE 0.0s

#6 [context libredwg] load .dockerignore
#6 transferring libredwg: 369B done
#6 DONE 0.0s

#7 [context raw] load .dockerignore
#7 transferring raw: 2B done
#7 DONE 0.0s

#8 [context baselines] load .dockerignore
#8 transferring baselines: 2B done
#8 DONE 0.0s

#4 [internal] load metadata for docker.io/mambaorg/micromamba:2.0.5
#4 DONE 1.0s

#9 [internal] load .dockerignore
#9 transferring context: 2B done
#9 DONE 0.0s

#10 [gis  1/15] FROM docker.io/mambaorg/micromamba:2.0.5@sha256:8d0d4cad074afe3ac93b58dce88bd2659153d3fa6de3a6968f501710e8d3c832
#10 resolve docker.io/mambaorg/micromamba:2.0.5@sha256:8d0d4cad074afe3ac93b58dce88bd2659153d3fa6de3a6968f501710e8d3c832 0.0s done
#10 DONE 0.0s

#11 [context raw] load from client
#11 transferring raw: 612B done
#11 DONE 0.0s

#12 [internal] load build context
#12 transferring context: 163B done
#12 DONE 0.0s

#13 [context baselines] load from client
#13 transferring baselines: 5.06kB done
#13 DONE 0.0s

#14 [context src] load from client
#14 transferring src: 10.23kB done
#14 DONE 0.0s

#15 [context libredwg] load from client
#15 transferring libredwg: 61.04kB 0.0s done
#15 DONE 0.1s

#16 [gis  5/15] COPY --from=libredwg / /usr/src/libredwg/
#16 CACHED

#17 [gis  2/15] COPY env/environment.yml /app/env/environment.yml
#17 CACHED

#18 [gis  3/15] RUN micromamba create -y -n cad2gis -f /app/env/environment.yml     && micromamba clean -ay
#18 CACHED

#19 [gis  4/15] RUN apt-get update && apt-get install -y --no-install-recommends         autoconf automake libtool gcc g++ make swig python3-dev pkg-config texinfo     && rm -rf /var/lib/apt/lists/*
#19 CACHED

#20 [gis  6/15] WORKDIR /usr/src/libredwg
#20 CACHED

#21 [gis  7/15] RUN export PATH=/opt/mamba/envs/cad2gis/bin:/usr/local/sbin:/usr/local/bin:/usr/sbin:/usr/bin:/sbin:/bin     && autoreconf -fi     && ./configure --prefix=/usr/local --enable-python     && make -j"$(nproc)"     && make install     && ldconfig     && printf '%s\n' /usr/local/lib/python3.12/site-packages        > /opt/mamba/envs/cad2gis/lib/python3.12/site-packages/libredwg.pth
#21 2.242 libtoolize: putting auxiliary files in AC_CONFIG_AUX_DIR, 'build-aux'.
#21 2.242 libtoolize: copying file 'build-aux/ltmain.sh'
#21 2.264 libtoolize: putting macros in AC_CONFIG_MACRO_DIRS, 'm4'.
#21 2.264 libtoolize: copying file 'm4/libtool.m4'
#21 2.329 libtoolize: copying file 'm4/ltoptions.m4'
#21 2.386 libtoolize: copying file 'm4/ltsugar.m4'
#21 2.444 libtoolize: copying file 'm4/ltversion.m4'
#21 2.506 libtoolize: copying file 'm4/lt~obsolete.m4'
#21 3.489 configure.ac:87: warning: gl_HOST_CPU_C_ABI_32BIT is m4_require'd but not m4_defun'd
#21 3.489 m4/lib-prefix.m4:157: AC_LIB_PREPARE_MULTILIB is expanded from...
#21 3.489 m4/lib-link.m4:183: AC_LIB_LINKFLAGS_BODY is expanded from...
#21 3.489 m4/iconv.m4:18: AM_ICONV_LINKFLAGS_BODY is expanded from...
#21 3.489 m4/iconv.m4:29: AM_ICONV_LINK is expanded from...
#21 3.489 m4/iconv.m4:268: AM_ICONV is expanded from...
#21 3.489 configure.ac:87: the top level
#21 3.489 configure.ac:131: warning: The macro `AC_HEADER_STDC' is obsolete.
#21 3.489 configure.ac:131: You should run autoupdate.
#21 3.489 ./lib/autoconf/headers.m4:704: AC_HEADER_STDC is expanded from...
#21 3.489 configure.ac:131: the top level
#21 4.135 configure.ac:22: installing 'build-aux/compile'
#21 4.137 configure.ac:22: installing 'build-aux/config.guess'
#21 4.140 configure.ac:22: installing 'build-aux/config.sub'
#21 4.142 configure.ac:21: installing 'build-aux/install-sh'
#21 4.146 configure.ac:21: installing 'build-aux/missing'
#21 4.155 Makefile.am: installing './INSTALL'
#21 4.185 bindings/python/Makefile.am: installing 'build-aux/depcomp'
#21 4.193 bindings/python/Makefile.am:40: installing 'build-aux/py-compile'
#21 4.208 doc/Makefile.am:22: installing 'build-aux/mdate-sh'
#21 4.211 doc/Makefile.am:22: installing 'build-aux/texinfo.tex'
#21 4.526 checking for a BSD-compatible install... /usr/bin/install -c
#21 4.533 checking whether build environment is sane... yes
#21 4.543 checking for a race-free mkdir -p... /usr/bin/mkdir -p
#21 4.545 checking for gawk... no
#21 4.545 checking for mawk... mawk
#21 4.545 checking whether make sets $(MAKE)... yes
#21 4.553 checking whether make supports nested variables... yes
#21 4.566 checking build system type... x86_64-pc-linux-gnu
#21 4.600 checking host system type... x86_64-pc-linux-gnu
#21 4.600 checking how to print strings... printf
#21 4.602 checking whether make supports the include directive... yes (GNU style)
#21 4.609 checking for gcc... gcc
#21 4.633 checking whether the C compiler works... yes
#21 4.659 checking for C compiler default output file name... a.out
#21 4.661 checking for suffix of executables... 
#21 4.687 checking whether we are cross compiling... no
#21 4.715 checking for suffix of object files... o
#21 4.730 checking whether the compiler supports GNU C... yes
#21 4.746 checking whether gcc accepts -g... yes
#21 4.760 checking for gcc option to enable C11 features... none needed
#21 4.796 checking whether gcc understands -c and -o together... yes
#21 4.822 checking dependency style of gcc... gcc3
#21 4.847 checking for a sed that does not truncate output... /usr/bin/sed
#21 4.852 checking for grep that handles long lines and -e... /usr/bin/grep
#21 4.855 checking for egrep... /usr/bin/grep -E
#21 4.858 checking for fgrep... /usr/bin/grep -F
#21 4.859 checking for ld used by gcc... /usr/bin/ld
#21 4.864 checking if the linker (/usr/bin/ld) is GNU ld... yes
#21 4.865 checking for BSD- or MS-compatible name lister (nm)... /usr/bin/nm -B
#21 4.868 checking the name lister (/usr/bin/nm -B) interface... BSD nm
#21 4.883 checking whether ln -s works... yes
#21 4.883 checking the maximum length of command line arguments... 1572864
#21 4.888 checking how to convert x86_64-pc-linux-gnu file names to x86_64-pc-linux-gnu format... func_convert_file_noop
#21 4.888 checking how to convert x86_64-pc-linux-gnu file names to toolchain format... func_convert_file_noop
#21 4.888 checking for /usr/bin/ld option to reload object files... -r
#21 4.889 checking for file... file
#21 4.889 checking for objdump... objdump
#21 4.889 checking how to recognize dependent libraries... pass_all
#21 4.889 checking for dlltool... no
#21 4.889 checking how to associate runtime and link libraries... printf %s\n
#21 4.889 checking for ar... ar
#21 4.889 checking for archiver @FILE support... @
#21 4.909 checking for strip... strip
#21 4.909 checking for ranlib... ranlib
#21 4.909 checking command to parse /usr/bin/nm -B output from gcc object... ok
#21 4.958 checking for sysroot... no
#21 4.958 checking for a working dd... /usr/bin/dd
#21 4.961 checking how to truncate binary pipes... /usr/bin/dd bs=4096 count=1
#21 4.974 checking for mt... no
#21 4.975 checking if : is a manifest tool... no
#21 4.980 checking for stdio.h... yes
#21 4.993 checking for stdlib.h... yes
#21 5.008 checking for string.h... yes
#21 5.024 checking for inttypes.h... yes
#21 5.040 checking for stdint.h... yes
#21 5.056 checking for strings.h... yes
#21 5.071 checking for sys/stat.h... yes
#21 5.088 checking for sys/types.h... yes
#21 5.106 checking for unistd.h... yes
#21 5.123 checking for dlfcn.h... yes
#21 5.141 checking for objdir... .libs
#21 5.184 checking if gcc supports -fno-rtti -fno-exceptions... no
#21 5.202 checking for gcc option to produce PIC... -fPIC -DPIC
#21 5.202 checking if gcc PIC flag -fPIC -DPIC works... yes
#21 5.215 checking if gcc static flag -static works... yes
#21 5.260 checking if gcc supports -c -o file.o... yes
#21 5.279 checking if gcc supports -c -o file.o... (cached) yes
#21 5.279 checking whether the gcc linker (/usr/bin/ld -m elf_x86_64) supports shared libraries... yes
#21 5.287 checking whether -lc should be explicitly linked in... no
#21 5.306 checking dynamic linker characteristics... GNU/Linux ld.so
#21 5.347 checking how to hardcode library paths into programs... immediate
#21 5.347 checking whether stripping libraries is possible... yes
#21 5.349 checking if libtool supports shared libraries... yes
#21 5.349 checking whether to build shared libraries... yes
#21 5.349 checking whether to build static libraries... yes
#21 5.350 checking whether make supports nested variables... (cached) yes
#21 5.350 checking PACKAGE_VERSION... 
#21 5.350 checking LIBREDWG_SO_VERSION... 0:14:0
#21 5.352 checking for pkg-config... /usr/bin/pkg-config
#21 5.352 checking pkg-config is at least version 0.9.0... yes
#21 5.353 checking whether ln -s works... yes
#21 5.353 checking whether make sets $(MAKE)... (cached) yes
#21 5.355 checking for egrep... (cached) /usr/bin/grep -E
#21 5.355 checking for bash... /bin/bash
#21 5.355 checking for inline... inline
#21 5.367 checking for C/C++ restrict keyword... __restrict__
#21 5.382 checking for ld... /usr/bin/ld -m elf_x86_64
#21 5.382 checking if the linker (/usr/bin/ld -m elf_x86_64) is GNU ld... yes
#21 5.386 checking for shared library run path origin... done
#21 5.404 ./configure: line 14001: gl_HOST_CPU_C_ABI_32BIT: command not found
#21 5.404 checking how to run the C preprocessor... gcc -E
#21 5.445 checking for ELF binary format... yes
#21 5.453 checking for the common suffixes of directories in the library search path... ./configure: line 14244: test: !=: unary operator expected
#21 5.455 ./configure: line 14250: test: !=: unary operator expected
#21 5.460 ./configure: line 14275: test: =: unary operator expected
#21 5.460 ./configure: line 14279: test: =: unary operator expected
#21 5.460 lib,lib,lib
#21 5.467 checking for iconv... yes
#21 5.499 checking for working iconv... yes
#21 5.539 checking whether iconv is compatible with its POSIX signature... yes
#21 5.561 checking for PS_open_file in -lps -lm... no
#21 5.587 checking for pcre2_config_8 in -lpcre2-8... no
#21 5.614 checking for pcre2_config_16 in -lpcre2-16... configure: WARNING: libpcre2 for dwggrep not found
#21 5.637 no
#21 5.637 checking for newXMLEntity in -lxml2... no
#21 5.662 configure: WARNING: libxml-2.0 for test/xmlsuite not found
#21 5.662 checking for egrep... (cached) /usr/bin/grep -E
#21 5.662 checking for stdlib.h... (cached) yes
#21 5.662 checking for string.h... (cached) yes
#21 5.663 checking for stddef.h... yes
#21 5.682 checking for unistd.h... (cached) yes
#21 5.682 checking for malloc.h... yes
#21 5.701 checking for wchar.h... yes
#21 5.720 checking for ctype.h... yes
#21 5.740 checking for wctype.h... yes
#21 5.760 checking for float.h... yes
#21 5.777 checking for limits.h... yes
#21 5.796 checking for sys/param.h... yes
#21 5.819 checking for direct.h... no
#21 5.838 checking for libgen.h... yes
#21 5.856 checking for iconv.h... yes
#21 5.874 checking for sys/time.h... yes
#21 5.893 checking for getopt.h... yes
#21 5.911 checking for alloca.h... yes
#21 5.929 checking for valgrind/valgrind.h... no
#21 5.952 checking for endian.h... yes
#21 5.975 checking for byteswap.h... yes
#21 5.997 checking for mimalloc-override.h... no
#21 6.017 checking whether byte ordering is bigendian... no
#21 6.062 checking for _Bool... yes
#21 6.104 checking for stdbool.h that conforms to C99... yes
#21 6.121 checking for strcasecmp header file... <strings.h>
#21 6.149 checking if le16toh is available in endian.h... yes
#21 6.175 checking if le32toh is available in endian.h... yes
#21 6.204 checking if le64toh is available in endian.h... yes
#21 6.230 checking if htole32 is available in endian.h... yes
#21 6.258 checking if htole64 is available in endian.h... yes
#21 6.285 checking if htobe16 is available in endian.h... yes
#21 6.312 checking if htobe32 is available in endian.h... yes
#21 6.341 checking if htobe64 is available in endian.h... yes
#21 6.368 checking if be64toh is available in endian.h... yes
#21 6.395 configure: WARNING: Couldn't find pcre2.h. No regex support in dwggrep
#21 6.395 checking if pointers to integers require aligned access... no
#21 6.427 checking for size_t... yes
#21 6.469 checking for int16_t... yes
#21 6.512 checking for uint16_t... yes
#21 6.534 checking for int32_t... yes
#21 6.578 checking for uint32_t... yes
#21 6.600 checking for int64_t... yes
#21 6.643 checking for uint64_t... yes
#21 6.663 checking size of size_t... 8
#21 6.699 checking size of wchar_t... 4
#21 6.718 configure: WARNING: libxml-2.0 for test/xmlsuite missing
#21 6.718 configure: WARNING: pslib for dwg2ps missing with release
#21 6.733 checking whether C compiler accepts -Werror=unknown-warning-option... no
#21 6.752 checking whether C compiler accepts -Wsuggest-attribute=format... yes
#21 6.770 checking whether C compiler accepts -mretpoline -DRETPOLINE... no
#21 6.785 checking whether C compiler accepts -mindirect-branch=thunk-extern -mfunction-return=thunk-extern -mindirect-branch-register -DRETPOLINE... yes
#21 6.804 checking whether C compiler accepts -fno-strict-aliasing... yes
#21 6.822 checking whether C compiler accepts -fno-semantic-interposition... yes
#21 6.839 checking whether C compiler accepts -fwrapv... yes
#21 6.857 checking whether C compiler accepts -fno-common... yes
#21 6.874 checking whether C compiler accepts -fvisibility=hidden... yes
#21 6.892 checking whether C compiler accepts -fno-strict-aliasing... (cached) yes
#21 6.895 checking whether C compiler accepts -ftrivial-auto-var-init=zero... yes
#21 6.913 checking whether C compiler accepts -fstrict-flex-arrays=3... no
#21 6.930 checking whether C compiler accepts -fstack-protector-strong... yes
#21 6.948 checking whether C compiler accepts -fstack-clash-protection... yes
#21 6.964 checking whether C compiler accepts -fcf-protection=full... yes
#21 6.981 checking whether C compiler accepts -fno-delete-null-pointer-checks... yes
#21 6.998 checking whether C compiler accepts -Wno-alloc-size... yes
#21 7.015 checking whether C compiler accepts -Wall... yes
#21 7.032 checking whether C compiler accepts -Wextra... yes
#21 7.053 checking whether C compiler accepts -Wundef... yes
#21 7.072 checking whether C compiler accepts -Wwrite-strings... yes
#21 7.088 checking whether C compiler accepts -Wpointer-arith... yes
#21 7.105 checking whether C compiler accepts -Wmissing-declarations... yes
#21 7.125 checking whether C compiler accepts -Wredundant-decls... yes
#21 7.143 checking whether C compiler accepts -Wno-unused-variable... yes
#21 7.163 checking whether C compiler accepts -Wno-unused-parameter... yes
#21 7.181 checking whether C compiler accepts -Wno-unused-but-set-variable... yes
#21 7.198 checking whether C compiler accepts -Wmissing-field-initializers... yes
#21 7.214 checking whether C compiler accepts -Wcast-align... yes
#21 7.230 checking whether C compiler accepts -Wformat=2... yes
#21 7.249 checking whether C compiler accepts -Wformat-nonliteral... no
#21 7.270 checking whether C compiler accepts -Wformat-security... no
#21 7.290 checking whether C compiler accepts -Wformat-y2k... no
#21 7.310 checking whether C compiler accepts -Wsign-compare... yes
#21 7.328 checking whether C compiler accepts -Wstrict-aliasing... yes
#21 7.344 checking whether C compiler accepts -Wshadow... yes
#21 7.360 checking whether C compiler accepts -Winline... yes
#21 7.379 checking whether C compiler accepts -Wpacked... yes
#21 7.399 checking whether C compiler accepts -Wmissing-format-attribute... yes
#21 7.417 checking whether C compiler accepts -Wmissing-noreturn... yes
#21 7.434 checking whether C compiler accepts -Winit-self... yes
#21 7.451 checking whether C compiler accepts -Wredundant-decls... (cached) yes
#21 7.454 checking whether C compiler accepts -Wmissing-include-dirs... yes
#21 7.470 checking whether C compiler accepts -Warray-bounds... yes
#21 7.488 checking whether C compiler accepts -Wreturn-type... yes
#21 7.506 checking whether C compiler accepts -Wswitch-enum... (cached) no
#21 7.508 checking whether C compiler accepts -Wswitch-default... yes
#21 7.526 checking whether C compiler accepts -Wduplicated-cond... yes
#21 7.543 checking whether C compiler accepts -Wduplicated-branches... yes
#21 7.560 checking whether C compiler accepts -Wlogical-op... yes
#21 7.580 checking whether C compiler accepts -Wrestrict... yes
#21 7.609 checking whether C compiler accepts -Wnull-dereference... yes
#21 7.637 checking whether C compiler accepts -Wdouble-promotion... yes
#21 7.656 checking whether C compiler accepts -Wchar-subscripts... yes
#21 7.674 checking whether C compiler accepts -Wformat=2 -Wformat-nonliteral... yes
#21 7.693 checking whether C compiler accepts -Wformat=2 -Wformat-security... yes
#21 7.713 checking whether C compiler accepts -Wformat=2 -Wformat-y2k... yes
#21 7.733 checking whether C compiler accepts -Wnested-externs... yes
#21 7.751 checking whether C compiler accepts -Wmissing-prototypes... yes
#21 7.769 checking whether C compiler accepts -Wstrict-prototypes... yes
#21 7.789 checking whether C compiler accepts -Wdeclaration-after-statement... yes
#21 7.808 checking whether C compiler accepts -Wimplicit-function-declaration... yes
#21 7.825 checking whether C compiler accepts -Wold-style-definition... yes
#21 7.845 checking whether C compiler accepts -Wjump-misses-init... yes
#21 7.865 checking whether C compiler accepts -Wno-error=alloc-size... no
#21 7.882 checking whether C compiler accepts -Wno-error=unused-variable... yes
#21 7.904 checking whether C compiler accepts -Wno-error=unused-parameter... yes
#21 7.923 checking whether C compiler accepts -Wno-error=unused-but-set-variable... yes
#21 7.938 checking whether C compiler accepts -Werror=unknown-warning-option... (cached) no
#21 7.938 checking whether the linker accepts -Wl,--as-needed... yes
#21 7.965 checking whether the linker accepts -Wl,--as-needed... yes
#21 7.992 checking whether the linker accepts -Wl,-z,relro... yes
#21 8.022 checking whether the linker accepts -Wl,-z,relro... yes
#21 8.050 checking whether the linker accepts -Wl,-z,now... yes
#21 8.077 checking whether the linker accepts -Wl,-z,now... yes
#21 8.104 checking whether the linker accepts -Wl,-z,noexecstack... yes
#21 8.133 checking whether the linker accepts -Wl,-z,noexecstack... yes
#21 8.159 checking whether the linker accepts -Wl,--no-as-needed... yes
#21 8.185 checking whether the linker accepts -Wl,--fatal-warnings... yes
#21 8.210 checking whether the linker accepts -Wl,-fatal_warnings... no
#21 8.235 checking whether the linker accepts -Wl,--no-as-needed... yes
#21 8.263 checking for __attribute__((visibility("default")))... yes
#21 8.281 checking whether C compiler accepts -Werror... yes
#21 8.297 checking for __attribute__((gnu_format))... yes
#21 8.323 checking for __attribute__((ms_format))... yes
#21 8.350 checking for __attribute__((format))... yes
#21 8.376 checking for __attribute__((malloc))... yes
#21 8.401 checking for __attribute__((returns_nonnull))... yes
#21 8.430 checking for __attribute__((noreturn))... yes
#21 8.458 checking for __attribute__((aligned))... yes
#21 8.483 checking for __attribute__((counted_by))... no
#21 8.501 checking for printf() modifier to use with size_t... "z"
#21 8.529 checking for GNU libc compatible malloc... (cached) yes
#21 8.529 checking for GNU libc compatible realloc... (cached) yes
#21 8.529 checking whether lstat correctly handles trailing slash... yes
#21 8.569 checking whether stat accepts an empty string... no
#21 8.602 checking for working alloca.h... yes
#21 8.631 checking for alloca... yes
#21 8.631 checking for strtod... yes
#21 8.659 checking for strdup... yes
#21 8.689 checking for getopt_long... yes
#21 8.717 checking for basename... yes
#21 8.745 checking for strcasestr... yes
#21 8.774 checking for scandir... yes
#21 8.803 checking for floor... no
#21 8.834 checking for sqrt... no
#21 8.865 checking for gettimeofday... yes
#21 8.892 checking for floor in -lm... yes
#21 8.925 checking for sincos... yes
#21 8.960 checking for memchr... yes
#21 8.992 checking for memmove... yes
#21 9.023 checking for strcasecmp... yes
#21 9.055 checking for strchr... yes
#21 9.089 checking for strstr... yes
#21 9.119 checking for strrchr... yes
#21 9.151 checking for strtol... yes
#21 9.179 checking for strtoll... yes
#21 9.209 checking for strtoul... yes
#21 9.238 checking for strtoull... yes
#21 9.266 checking for strnlen... yes
#21 9.298 checking for memmem... yes
#21 9.327 checking for gmtime_r... yes
#21 9.357 checking for wcslen... yes
#21 9.386 checking for wcsnlen... yes
#21 9.415 checking for wcscpy... yes
#21 9.443 checking for wcscmp... yes
#21 9.473 checking for wcsstr... yes
#21 9.501 checking for sscanf_s... no
#21 9.535 configure: WARNING: No secure sscanf_s found. dwgfuzz -add will produce false positives.
#21 9.538 checking for --enable-debug... no (default)
#21 9.538 checking whether C compiler accepts -Werror... (cached) yes
#21 9.538 checking whether to add -D_FORTIFY_SOURCE=3 to CPPFLAGS... yes
#21 9.598 checking for C restrict usability... restrict
#21 9.627 yes
#21 9.627 checking for --disable-write... no (default)
#21 9.627 checking for --enable-trace... no (default)
#21 9.627 checking for --with-dxf-precision... max (default)
#21 9.627 checking for --with-geojson-precision... max (default)
#21 9.627 checking for --disable-werror... no (default)
#21 9.627 checking for setenv... yes
#21 9.657 checking for --disable-dxf... no (default)
#21 9.658 checking for --disable-json... no (default)
#21 9.658 checking for --disable-bindings... no (default)
#21 9.658 checking for --disable-docs... no (default)
#21 9.658 checking for --enable-check-less... no (default)
#21 9.658 checking for --with-mimalloc... no mimalloc headers found
#21 9.658 checking for --enable-gcov... no (default)
#21 9.658 checking for gperf... no
#21 9.658 checking for latest clang-format... echo
#21 9.941 checking for latest clang-tidy... echo
#21 10.22 checking for --disable-python... enabled
#21 10.22 checking for swig... /usr/bin/swig
#21 10.22 checking SWIG version... 4.1.0
#21 10.24 checking for SWIG library... /usr/share/swig4.0 
#21 10.24 checking for a Python interpreter with version >= 2.7... python
#21 10.25 checking for python... /opt/mamba/envs/cad2gis/bin/python
#21 10.25 checking for python version... 3.12
#21 10.26 checking for python platform... linux
#21 10.27 checking for GNU default python prefix... ${prefix}
#21 10.27 checking for GNU default python exec_prefix... ${exec_prefix}
#21 10.27 checking for python script directory (pythondir)... ${PYTHON_PREFIX}/lib/python3.12/site-packages
#21 10.29 checking for python extension module directory (pyexecdir)... ${PYTHON_EXEC_PREFIX}/lib/python3.12/site-packages
#21 10.31 checking for python3.12... (cached) /opt/mamba/envs/cad2gis/bin/python
#21 10.31 checking for a version of Python >= '2.1.0'... yes
#21 10.32 checking for the sysconfig Python package... yes
#21 10.33 checking for Python include path... -I/opt/mamba/envs/cad2gis/include/python3.12
#21 10.36 checking for Python library path... -L/opt/mamba/envs/cad2gis/lib -lpython3.12
#21 10.40 checking for Python site-packages path... /usr/local/lib/python3.12/site-packages
#21 10.41 checking for Python platform specific site-packages path... /usr/local/lib/python3.12/site-packages
#21 10.42 checking python extra libraries... -lpthread -ldl  -lutil -lm
#21 10.43 checking python extra linking flags... -Xlinker -export-dynamic
#21 10.45 checking consistency of all components of python development environment... yes
#21 10.53 checking for patch... no
#21 10.53 checking for perl... /usr/bin/perl
#21 10.53 checking PERL version... v5.36.0
#21 10.53 checking for --with-perl-install=... site (default)
#21 10.53 checking python extension suffix... .cpython-312-x86_64-linux-gnu.so
#21 10.55 checking for ODAFileConverter... no
#21 10.55 checking for TeighaFileConverter... no
#21 10.55 checking for xvfb-run... no
#21 10.55 checking for cppcheck... no
#21 10.55 checking for picat... no
#21 10.55 checking for parallel... no
#21 10.55 checking for timeout... timeout
#21 10.55 checking TIMEOUT version... 9.1
#21 10.55 checking for makeinfo... ${SHELL} '/usr/src/libredwg/build-aux/missing' makeinfo
#21 10.55 checking MAKEINFO version... 
#21 10.55 checking for ./../ODA-spec... no
#21 10.55 checking for doxygen... no
#21 10.55 checking for jq... no
#21 10.55 checking for shellcheck... no
#21 10.55 checking for shfmt... no
#21 10.55 checking for rpmlint... no
#21 10.55 checking for geojsonhint... no
#21 10.55 checking for gjv... no
#21 10.55 checking for jing... no
#21 10.55 checking for valgrind... no
#21 10.57 checking that generated files are newer than configure... done
#21 10.57 configure: creating ./config.status
#21 10.94 config.status: creating Makefile
#21 10.95 config.status: creating src/Makefile
#21 10.96 config.status: creating src/codepages/Makefile
#21 10.97 config.status: creating doc/Makefile
#21 10.98 config.status: creating programs/Makefile
#21 11.00 config.status: creating examples/Makefile
#21 11.01 config.status: creating test/Makefile
#21 11.02 config.status: creating test/unit-testing/Makefile
#21 11.04 config.status: creating libredwg.pc
#21 11.05 config.status: creating vcpkg.json
#21 11.06 config.status: creating bindings/Makefile
#21 11.07 config.status: creating bindings/python/Makefile
#21 11.08 config.status: creating bindings/perl/Makefile.PL
#21 11.09 config.status: creating programs/dwgfilter
#21 11.11 config.status: creating programs/alive.test
#21 11.12 config.status: creating programs/dxf.test
#21 11.13 config.status: creating programs/dxfb.test
#21 11.15 config.status: creating programs/json.test
#21 11.16 config.status: creating programs/svg.test
#21 11.17 config.status: creating programs/dwgfilter.test
#21 11.19 config.status: creating examples/dwgadd_test.sh
#21 11.20 config.status: creating logs-all.sh
#21 11.21 config.status: creating log
#21 11.22 config.status: creating dwg
#21 11.23 config.status: creating dxf
#21 11.24 config.status: creating json
#21 11.25 config.status: creating geojson
#21 11.25 config.status: creating svg
#21 11.26 config.status: creating rw
#21 11.27 config.status: creating dynapi_test_all.sh
#21 11.28 config.status: creating unit_testing_all.sh
#21 11.30 config.status: creating src/config.h
#21 11.30 config.status: executing depfiles commands
#21 12.39 config.status: executing libtool commands
#21 12.43 echo  > .version-t && mv .version-t .version
#21 12.43 make  all-recursive
#21 12.43 make[1]: Entering directory '/usr/src/libredwg'
#21 12.44 Making all in src
#21 12.44 make[2]: Entering directory '/usr/src/libredwg/src'
#21 12.44 make  all-recursive
#21 12.44 make[3]: Entering directory '/usr/src/libredwg/src'
#21 12.45 Making all in codepages
#21 12.45 make[4]: Entering directory '/usr/src/libredwg/src/codepages'
#21 12.45 make[4]: Nothing to be done for 'all'.
#21 12.45 make[4]: Leaving directory '/usr/src/libredwg/src/codepages'
#21 12.45 make[4]: Entering directory '/usr/src/libredwg/src'
#21 12.45   CC       dwg.lo
#21 12.45   CC       codepages.lo
#21 12.45   CC       bits.lo
#21 12.45   CC       logging.lo
#21 12.45   CC       decode.lo
#21 12.45   CC       decode2.lo
#21 12.45   CC       common.lo
#21 12.46   CC       decode_r2007.lo
#21 12.46   CC       reedsolomon.lo
#21 12.46   CC       decode_r11.lo
#21 12.46   CC       print.lo
#21 12.46   CC       free.lo
#21 12.71   CC       hash.lo
#21 13.05   CC       dynapi.lo
#21 13.08   CC       classes.lo
#21 13.13   CC       dwg_api.lo
#21 13.76   CC       objects.lo
#21 14.16   CC       geom.lo
#21 13.59   CC       out_dxf.lo
#21 13.65   CC       out_dxfb.lo
#21 12.79   CC       out_json.lo
#21 12.86   CC       out_geojson.lo
#21 13.62   CC       encode.lo
#21 15.43   CC       encode2.lo
#21 15.59   CC       dxfclasses.lo
#21 15.97   CC       in_dxf.lo
#21 19.77   CC       in_json.lo
#21 227.4   CCLD     libredwg.la
#21 228.4 make[4]: Leaving directory '/usr/src/libredwg/src'
#21 228.4 make[3]: Leaving directory '/usr/src/libredwg/src'
#21 228.4 make[2]: Leaving directory '/usr/src/libredwg/src'
#21 228.4 Making all in programs
#21 228.4 make[2]: Entering directory '/usr/src/libredwg/programs'
#21 228.4   CC       dwgbmp.o
#21 228.4   CC       dwgread.o
#21 228.4   CC       dwg2dxf.o
#21 228.4   CC       dwg2SVG.o
#21 228.4   CC       dwggrep-dwggrep.o
#21 228.4   CC       dwgrewrite.o
#21 228.4   CC       escape.o
#21 228.4   CC       dwglayers.o
#21 228.4   CC       dxf2dwg.o
#21 228.4   CC       dxfwrite.o
#21 228.4   CC       dwgwrite.o
#21 228.6   CCLD     dwg2dxf
#21 228.6   CCLD     dwglayers
#21 228.6   CCLD     dxf2dwg
#21 228.7   CCLD     dxfwrite
#21 228.7   CCLD     dwgrewrite
#21 228.7   CCLD     dwgread
#21 228.7   CCLD     dwgwrite
#21 228.7   CCLD     dwgbmp
#21 228.8   CCLD     dwg2SVG
#21 230.0   CCLD     dwggrep
#21 230.1 make[2]: Leaving directory '/usr/src/libredwg/programs'
#21 230.1 Making all in examples
#21 230.1 make[2]: Entering directory '/usr/src/libredwg/examples'
#21 230.1   CC       dwgadd.o
#21 230.1   CC       load_dwg.o
#21 230.1   CC       dwg2svg2.o
#21 230.1   CC       dwgfuzz.o
#21 230.2   CCLD     load_dwg
#21 230.2   CCLD     dwgfuzz
#21 230.2   CCLD     dwg2svg2
#21 232.7   CCLD     dwgadd
#21 232.8 make[2]: Leaving directory '/usr/src/libredwg/examples'
#21 232.8 Making all in test
#21 232.8 make[2]: Entering directory '/usr/src/libredwg/test'
#21 232.8 Making all in unit-testing
#21 232.8 make[3]: Entering directory '/usr/src/libredwg/test/unit-testing'
#21 232.8 make[3]: Nothing to be done for 'all'.
#21 232.8 make[3]: Leaving directory '/usr/src/libredwg/test/unit-testing'
#21 232.8 make[3]: Entering directory '/usr/src/libredwg/test'
#21 232.8 make[3]: Nothing to be done for 'all-am'.
#21 232.8 make[3]: Leaving directory '/usr/src/libredwg/test'
#21 232.8 make[2]: Leaving directory '/usr/src/libredwg/test'
#21 232.8 Making all in bindings
#21 232.8 make[2]: Entering directory '/usr/src/libredwg/bindings'
#21 232.8 Making all in python
#21 232.8 make[3]: Entering directory '/usr/src/libredwg/bindings/python'
#21 232.8 /usr/bin/swig -python -I../../include -o swig_python.c ./../dwg.i
#21 236.8 ../../include/dwg.h:9050: Warning 462: Unable to set variable of type unsigned char [].
#21 237.3 ../../include/dwg.h:11391: Warning 451: Setting a const char * variable may leak memory.
#21 237.7 make  all-am
#21 237.7 make[4]: Entering directory '/usr/src/libredwg/bindings/python'
#21 237.7   CC       _LibreDWG_la-swig_python.lo
#21 460.2   CCLD     _LibreDWG.la
#21 460.6 make[4]: Leaving directory '/usr/src/libredwg/bindings/python'
#21 460.6 make[3]: Leaving directory '/usr/src/libredwg/bindings/python'
#21 460.6 make[3]: Entering directory '/usr/src/libredwg/bindings'
#21 460.6 /usr/bin/swig -perl5 -I/usr/src/libredwg/include -o perl/LibreDWG.c ./dwg.i
#21 461.3 /usr/src/libredwg/include/dwg.h:6223: Warning 314: 'ref' is a perl keyword
#21 461.8 /usr/src/libredwg/include/dwg.h:10982: Warning 314: 'ref' is a perl keyword
#21 463.4 /usr/src/libredwg/include/dwg.h:9050: Warning 462: Unable to set variable of type unsigned char [].
#21 463.8 /usr/src/libredwg/include/dwg.h:11391: Warning 451: Setting a const char * variable may leak memory.
#21 464.1 Making all for perl
#21 464.1 make[3]: Leaving directory '/usr/src/libredwg/bindings'
#21 464.1 make[2]: Leaving directory '/usr/src/libredwg/bindings'
#21 464.1 Making all in doc
#21 464.1 make[2]: Entering directory '/usr/src/libredwg/doc'
#21 464.1 Updating ./version.texi
#21 464.1   MAKEINFO LibreDWG.info
#21 464.8 make[2]: Leaving directory '/usr/src/libredwg/doc'
#21 464.8 make[2]: Entering directory '/usr/src/libredwg'
#21 464.8 make[2]: Nothing to be done for 'all-am'.
#21 464.8 make[2]: Leaving directory '/usr/src/libredwg'
#21 464.8 make[1]: Leaving directory '/usr/src/libredwg'
#21 464.8 make  install-recursive
#21 464.8 make[1]: Entering directory '/usr/src/libredwg'
#21 464.8 Making install in src
#21 464.8 make[2]: Entering directory '/usr/src/libredwg/src'
#21 464.8 Making install in codepages
#21 464.8 make[3]: Entering directory '/usr/src/libredwg/src/codepages'
#21 464.8 make[4]: Entering directory '/usr/src/libredwg/src/codepages'
#21 464.8 make[4]: Nothing to be done for 'install-exec-am'.
#21 464.8 make[4]: Nothing to be done for 'install-data-am'.
#21 464.8 make[4]: Leaving directory '/usr/src/libredwg/src/codepages'
#21 464.8 make[3]: Leaving directory '/usr/src/libredwg/src/codepages'
#21 464.8 make[3]: Entering directory '/usr/src/libredwg/src'
#21 464.8 make[4]: Entering directory '/usr/src/libredwg/src'
#21 464.8  /usr/bin/mkdir -p '/usr/local/lib'
#21 464.8  /bin/bash ../libtool   --mode=install /usr/bin/install -c   libredwg.la '/usr/local/lib'
#21 464.9 libtool: install: /usr/bin/install -c .libs/libredwg.so.0.0.14 /usr/local/lib/libredwg.so.0.0.14
#21 464.9 libtool: install: (cd /usr/local/lib && { ln -s -f libredwg.so.0.0.14 libredwg.so.0 || { rm -f libredwg.so.0 && ln -s libredwg.so.0.0.14 libredwg.so.0; }; })
#21 464.9 libtool: install: (cd /usr/local/lib && { ln -s -f libredwg.so.0.0.14 libredwg.so || { rm -f libredwg.so && ln -s libredwg.so.0.0.14 libredwg.so; }; })
#21 464.9 libtool: install: /usr/bin/install -c .libs/libredwg.lai /usr/local/lib/libredwg.la
#21 464.9 libtool: install: /usr/bin/install -c .libs/libredwg.a /usr/local/lib/libredwg.a
#21 465.0 libtool: install: chmod 644 /usr/local/lib/libredwg.a
#21 465.0 libtool: install: ranlib /usr/local/lib/libredwg.a
#21 465.2 libtool: finish: PATH="/opt/mamba/envs/cad2gis/bin:/usr/local/sbin:/usr/local/bin:/usr/sbin:/usr/bin:/sbin:/bin:/sbin" ldconfig -n /usr/local/lib
#21 465.2 ----------------------------------------------------------------------
#21 465.2 Libraries have been installed in:
#21 465.2    /usr/local/lib
#21 465.2 
#21 465.2 If you ever happen to want to link against installed libraries
#21 465.2 in a given directory, LIBDIR, you must either use libtool, and
#21 465.2 specify the full pathname of the library, or use the '-LLIBDIR'
#21 465.2 flag during linking and do at least one of the following:
#21 465.2    - add LIBDIR to the 'LD_LIBRARY_PATH' environment variable
#21 465.2      during execution
#21 465.2    - add LIBDIR to the 'LD_RUN_PATH' environment variable
#21 465.2      during linking
#21 465.2    - use the '-Wl,-rpath -Wl,LIBDIR' linker flag
#21 465.2    - have your system administrator add LIBDIR to '/etc/ld.so.conf'
#21 465.2 
#21 465.2 See any operating system documentation about shared libraries for
#21 465.2 more information, such as the ld(1) and ld.so(8) manual pages.
#21 465.2 ----------------------------------------------------------------------
#21 465.2 make[4]: Nothing to be done for 'install-data-am'.
#21 465.2 make[4]: Leaving directory '/usr/src/libredwg/src'
#21 465.2 make[3]: Leaving directory '/usr/src/libredwg/src'
#21 465.2 make[2]: Leaving directory '/usr/src/libredwg/src'
#21 465.2 Making install in programs
#21 465.2 make[2]: Entering directory '/usr/src/libredwg/programs'
#21 465.2 make[3]: Entering directory '/usr/src/libredwg/programs'
#21 465.2  /usr/bin/mkdir -p '/usr/local/bin'
#21 465.2   /bin/bash ../libtool   --mode=install /usr/bin/install -c dwgread dwgbmp dwg2dxf dwg2SVG dwglayers dwggrep dwgrewrite dxf2dwg dwgwrite dxfwrite '/usr/local/bin'
#21 465.3 libtool: install: /usr/bin/install -c .libs/dwgread /usr/local/bin/dwgread
#21 465.3 libtool: install: /usr/bin/install -c .libs/dwgbmp /usr/local/bin/dwgbmp
#21 465.3 libtool: install: /usr/bin/install -c .libs/dwg2dxf /usr/local/bin/dwg2dxf
#21 465.3 libtool: install: /usr/bin/install -c .libs/dwg2SVG /usr/local/bin/dwg2SVG
#21 465.3 libtool: install: /usr/bin/install -c .libs/dwglayers /usr/local/bin/dwglayers
#21 465.3 libtool: install: /usr/bin/install -c .libs/dwggrep /usr/local/bin/dwggrep
#21 465.3 libtool: install: /usr/bin/install -c .libs/dwgrewrite /usr/local/bin/dwgrewrite
#21 465.3 libtool: install: /usr/bin/install -c .libs/dxf2dwg /usr/local/bin/dxf2dwg
#21 465.4 libtool: install: /usr/bin/install -c .libs/dwgwrite /usr/local/bin/dwgwrite
#21 465.4 libtool: install: /usr/bin/install -c .libs/dxfwrite /usr/local/bin/dxfwrite
#21 465.4  /usr/bin/mkdir -p '/usr/local/bin'
#21 465.4  /usr/bin/install -c dwgfilter '/usr/local/bin'
#21 465.4  /usr/bin/mkdir -p '/usr/local/share/man/man1'
#21 465.4  /usr/bin/install -c -m 644 ./dwgread.1 ./dwgbmp.1 ./dwg2dxf.1 ./dwg2SVG.1 ./dwglayers.1 ./dwggrep.1 ./dwgfilter.1 ./dwgrewrite.1 ./dxf2dwg.1 ./dwgwrite.1 ./dxfwrite.1 '/usr/local/share/man/man1'
#21 465.4 make[3]: Leaving directory '/usr/src/libredwg/programs'
#21 465.4 make[2]: Leaving directory '/usr/src/libredwg/programs'
#21 465.4 Making install in examples
#21 465.4 make[2]: Entering directory '/usr/src/libredwg/examples'
#21 465.4 make[3]: Entering directory '/usr/src/libredwg/examples'
#21 465.4  /usr/bin/mkdir -p '/usr/local/bin'
#21 465.4   /bin/bash ../libtool   --mode=install /usr/bin/install -c dwgadd '/usr/local/bin'
#21 465.4 libtool: install: /usr/bin/install -c .libs/dwgadd /usr/local/bin/dwgadd
#21 465.4  /usr/bin/mkdir -p '/usr/local/share/libredwg'
#21 465.4  /usr/bin/install -c -m 644 dwgadd.example dwgadd.example_r11 dwgadd.example_r10 dwgadd.example_r2_10 dwgadd.example_r1_4 load_dwg.py '/usr/local/share/libredwg'
#21 465.4  /usr/bin/mkdir -p '/usr/local/share/man/man1'
#21 465.4  /usr/bin/install -c -m 644 ./dwgadd.1 '/usr/local/share/man/man1'
#21 465.4  /usr/bin/mkdir -p '/usr/local/share/man/man5'
#21 465.4  /usr/bin/install -c -m 644 ./dwgadd.5 '/usr/local/share/man/man5'
#21 465.4 make[3]: Leaving directory '/usr/src/libredwg/examples'
#21 465.4 make[2]: Leaving directory '/usr/src/libredwg/examples'
#21 465.4 Making install in test
#21 465.4 make[2]: Entering directory '/usr/src/libredwg/test'
#21 465.4 Making install in unit-testing
#21 465.5 make[3]: Entering directory '/usr/src/libredwg/test/unit-testing'
#21 465.5 make[4]: Entering directory '/usr/src/libredwg/test/unit-testing'
#21 465.5 make[4]: Nothing to be done for 'install-exec-am'.
#21 465.5 make[4]: Nothing to be done for 'install-data-am'.
#21 465.5 make[4]: Leaving directory '/usr/src/libredwg/test/unit-testing'
#21 465.5 make[3]: Leaving directory '/usr/src/libredwg/test/unit-testing'
#21 465.5 make[3]: Entering directory '/usr/src/libredwg/test'
#21 465.5 make[4]: Entering directory '/usr/src/libredwg/test'
#21 465.5 make[4]: Nothing to be done for 'install-exec-am'.
#21 465.5 make[4]: Nothing to be done for 'install-data-am'.
#21 465.5 make[4]: Leaving directory '/usr/src/libredwg/test'
#21 465.5 make[3]: Leaving directory '/usr/src/libredwg/test'
#21 465.5 make[2]: Leaving directory '/usr/src/libredwg/test'
#21 465.5 Making install in bindings
#21 465.5 make[2]: Entering directory '/usr/src/libredwg/bindings'
#21 465.5 Making install in python
#21 465.5 make[3]: Entering directory '/usr/src/libredwg/bindings/python'
#21 465.5 make  install-am
#21 465.5 make[4]: Entering directory '/usr/src/libredwg/bindings/python'
#21 465.5 make[5]: Entering directory '/usr/src/libredwg/bindings/python'
#21 465.5  /usr/bin/mkdir -p '/usr/local/lib/python3.12/site-packages'
#21 465.5  /bin/bash ../../libtool   --mode=install /usr/bin/install -c   _LibreDWG.la '/usr/local/lib/python3.12/site-packages'
#21 465.5 libtool: warning: relinking '_LibreDWG.la'
#21 465.5 libtool: install: (cd /usr/src/libredwg/bindings/python; /bin/bash "/usr/src/libredwg/libtool"  --silent --tag CC --mode=relink gcc -g -O2 -module -avoid-version -no-undefined -Xlinker -export-dynamic -o _LibreDWG.la -rpath /usr/local/lib/python3.12/site-packages _LibreDWG_la-swig_python.lo ../../src/libredwg.la -L/opt/mamba/envs/cad2gis/lib -lpython3.12 -lpthread -ldl -lutil -lm -lm )
#21 465.8 libtool: install: /usr/bin/install -c .libs/_LibreDWG.soT /usr/local/lib/python3.12/site-packages/_LibreDWG.so
#21 465.8 libtool: install: /usr/bin/install -c .libs/_LibreDWG.lai /usr/local/lib/python3.12/site-packages/_LibreDWG.la
#21 465.8 libtool: install: /usr/bin/install -c .libs/_LibreDWG.a /usr/local/lib/python3.12/site-packages/_LibreDWG.a
#21 465.8 libtool: install: chmod 644 /usr/local/lib/python3.12/site-packages/_LibreDWG.a
#21 465.8 libtool: install: ranlib /usr/local/lib/python3.12/site-packages/_LibreDWG.a
#21 465.9 libtool: finish: PATH="/opt/mamba/envs/cad2gis/bin:/usr/local/sbin:/usr/local/bin:/usr/sbin:/usr/bin:/sbin:/bin:/sbin" ldconfig -n /usr/local/lib/python3.12/site-packages
#21 465.9 ----------------------------------------------------------------------
#21 465.9 Libraries have been installed in:
#21 465.9    /usr/local/lib/python3.12/site-packages
#21 465.9 
#21 465.9 If you ever happen to want to link against installed libraries
#21 465.9 in a given directory, LIBDIR, you must either use libtool, and
#21 465.9 specify the full pathname of the library, or use the '-LLIBDIR'
#21 465.9 flag during linking and do at least one of the following:
#21 465.9    - add LIBDIR to the 'LD_LIBRARY_PATH' environment variable
#21 465.9      during execution
#21 465.9    - add LIBDIR to the 'LD_RUN_PATH' environment variable
#21 465.9      during linking
#21 465.9    - use the '-Wl,-rpath -Wl,LIBDIR' linker flag
#21 465.9    - have your system administrator add LIBDIR to '/etc/ld.so.conf'
#21 465.9 
#21 465.9 See any operating system documentation about shared libraries for
#21 465.9 more information, such as the ld(1) and ld.so(8) manual pages.
#21 465.9 ----------------------------------------------------------------------
#21 465.9  /usr/bin/mkdir -p '/usr/local/lib/python3.12/site-packages'
#21 465.9  /usr/bin/install -c -m 644 ./LibreDWG.py '/usr/local/lib/python3.12/site-packages'
#21 466.0 Byte-compiling python modules...
#21 466.0 LibreDWG.py
#21 466.1 Byte-compiling python modules (optimized versions) ...
#21 466.1 LibreDWG.py
#21 466.2 make[5]: Leaving directory '/usr/src/libredwg/bindings/python'
#21 466.2 make[4]: Leaving directory '/usr/src/libredwg/bindings/python'
#21 466.2 make[3]: Leaving directory '/usr/src/libredwg/bindings/python'
#21 466.2 make[3]: Entering directory '/usr/src/libredwg/bindings'
#21 466.2 cd perl && \
#21 466.2   /usr/bin/perl Makefile.PL PERL="/usr/bin/perl" INSTALLDIRS=site
#21 466.3 Checking if your kit is complete...
#21 466.3 Looks good
#21 466.3 Generating a Unix-style Makefile
#21 466.3 Writing Makefile for LibreDWG
#21 466.3 Writing MYMETA.yml and MYMETA.json
#21 466.3 Note LibreDWG.c is huge. This will need some time...
#21 466.3 if test -f perl/pm_to_blib; then rm perl/pm_to_blib; fi
#21 466.3 if test -d perl/blib; then rm -rf perl/blib; fi
#21 466.3 if grep "NOOP = rem" perl/Makefile; then false; else \
#21 466.3     cd perl && make PERL="/usr/bin/perl" \
#21 466.3                        OPTIMIZE="-I/usr/src/libredwg/include -I/usr/src/libredwg/src" \
#21 466.3                        OTHERLDFLAGS="-L/usr/src/libredwg/src/.libs -lredwg"; fi
#21 466.3 make[4]: Entering directory '/usr/src/libredwg/bindings/perl'
#21 466.4 cp LibreDWG.pm blib/lib/LibreDWG.pm
#21 466.4 Running Mkbootstrap for LibreDWG ()
#21 466.5 chmod 644 "LibreDWG.bs"
#21 466.5 /usr/bin/perl -MExtUtils::Command::MM -e 'cp_nonempty' -- LibreDWG.bs blib/arch/auto/LibreDWG/LibreDWG.bs 644
#21 466.5 x86_64-linux-gnu-gcc -c   -I../../include  -D_REENTRANT -D_GNU_SOURCE -DDEBIAN -fwrapv -fno-strict-aliasing -pipe -I/usr/local/include -D_LARGEFILE_SOURCE -D_FILE_OFFSET_BITS=64  -I/usr/lib/x86_64-linux-gnu/perl/5.36/CORE  -I/usr/src/libredwg/include -I/usr/src/libredwg/src   -DVERSION=\"\" -DXS_VERSION=\"\" -fPIC "-I/usr/lib/x86_64-linux-gnu/perl/5.36/CORE"   LibreDWG.c
#21 492.2 rm -f blib/arch/auto/LibreDWG/LibreDWG.so
#21 492.2 x86_64-linux-gnu-gcc  -L../../src/.libs -shared -L/usr/local/lib -fstack-protector-strong  LibreDWG.o -L/usr/src/libredwg/src/.libs -lredwg -o blib/arch/auto/LibreDWG/LibreDWG.so  \
#21 492.2    -lredwg   \
#21 492.2   
#21 492.4 chmod 755 blib/arch/auto/LibreDWG/LibreDWG.so
#21 492.4 make[4]: Leaving directory '/usr/src/libredwg/bindings/perl'
#21 492.4 Making install for perl
#21 492.4 if test xsite != xno; then if grep "NOOP = rem" perl/Makefile; \
#21 492.4             then false; \
#21 492.4     else make -C perl install_site PERL="/usr/bin/perl"; fi; fi
#21 492.4 make[4]: Entering directory '/usr/src/libredwg/bindings/perl'
#21 492.4 /usr/bin/perl -MExtUtils::Command::MM -e 'cp_nonempty' -- LibreDWG.bs blib/arch/auto/LibreDWG/LibreDWG.bs 644
#21 492.4 Files found in blib/arch: installing files in blib/lib into architecture dependent library tree
#21 492.4 Installing /usr/local/lib/x86_64-linux-gnu/perl/5.36.0/auto/LibreDWG/LibreDWG.so
#21 492.4 Installing /usr/local/lib/x86_64-linux-gnu/perl/5.36.0/LibreDWG.pm
#21 492.4 Appending installation info to /usr/local/lib/x86_64-linux-gnu/perl/5.36.0/perllocal.pod
#21 492.4 make[4]: Leaving directory '/usr/src/libredwg/bindings/perl'
#21 492.4 make[3]: Leaving directory '/usr/src/libredwg/bindings'
#21 492.4 make[2]: Leaving directory '/usr/src/libredwg/bindings'
#21 492.4 Making install in doc
#21 492.4 make[2]: Entering directory '/usr/src/libredwg/doc'
#21 492.4 make[3]: Entering directory '/usr/src/libredwg/doc'
#21 492.4 make[3]: Nothing to be done for 'install-exec-am'.
#21 492.4  /usr/bin/mkdir -p '/usr/local/share/info'
#21 492.4  /usr/bin/install -c -m 644 ./LibreDWG.info ./LibreDWG.info-1 ./LibreDWG.info-2 '/usr/local/share/info'
#21 492.4 make[3]: Leaving directory '/usr/src/libredwg/doc'
#21 492.4 make[2]: Leaving directory '/usr/src/libredwg/doc'
#21 492.4 make[2]: Entering directory '/usr/src/libredwg'
#21 492.5 make[3]: Entering directory '/usr/src/libredwg'
#21 492.5 make[3]: Nothing to be done for 'install-exec-am'.
#21 492.5  /usr/bin/mkdir -p '/usr/local/include'
#21 492.5  /usr/bin/install -c -m 644 include/dwg.h include/dwg_api.h '/usr/local/include'
#21 492.5  /usr/bin/mkdir -p '/usr/local/lib/pkgconfig'
#21 492.5  /usr/bin/install -c -m 644 libredwg.pc '/usr/local/lib/pkgconfig'
#21 492.5 make[3]: Leaving directory '/usr/src/libredwg'
#21 492.5 make[2]: Leaving directory '/usr/src/libredwg'
#21 492.5 make[1]: Leaving directory '/usr/src/libredwg'
#21 DONE 493.3s

#22 [gis  8/15] COPY pyproject.toml /app/pyproject.toml
#22 DONE 0.0s

#23 [gis  9/15] COPY --from=src / /app/src/
#23 DONE 0.1s

#24 [gis 10/15] RUN /opt/mamba/envs/cad2gis/bin/pip install /app     && /opt/mamba/envs/cad2gis/bin/python -c "import LibreDWG; print('LibreDWG OK')"
#24 0.364 Processing /app
#24 0.366   Installing build dependencies: started
#24 4.641   Installing build dependencies: finished with status 'done'
#24 4.642   Getting requirements to build wheel: started
#24 4.909   Getting requirements to build wheel: finished with status 'done'
#24 4.910   Preparing metadata (pyproject.toml): started
#24 5.028   Preparing metadata (pyproject.toml): finished with status 'done'
#24 5.032 Requirement already satisfied: numpy>=1.24 in /opt/mamba/envs/cad2gis/lib/python3.12/site-packages (from cad2gis==0.1.0) (2.5.2)
#24 6.164 Collecting scipy>=1.10 (from cad2gis==0.1.0)
#24 6.644   Downloading scipy-1.18.1-cp312-cp312-manylinux_2_27_x86_64.manylinux_2_28_x86_64.whl.metadata (62 kB)
#24 6.960 Requirement already satisfied: shapely>=2.0 in /opt/mamba/envs/cad2gis/lib/python3.12/site-packages (from cad2gis==0.1.0) (2.1.2)
#24 7.118 Downloading scipy-1.18.1-cp312-cp312-manylinux_2_27_x86_64.manylinux_2_28_x86_64.whl (35.3 MB)
#24 9.956    ━━━━━━━━━━━━━━━━━━━━━━━━━━━━━━━━━━━━━━━━ 35.3/35.3 MB 14.1 MB/s eta 0:00:00
#24 9.976 Building wheels for collected packages: cad2gis
#24 9.977   Building wheel for cad2gis (pyproject.toml): started
#24 10.16   Building wheel for cad2gis (pyproject.toml): finished with status 'done'
#24 10.16   Created wheel for cad2gis: filename=cad2gis-0.1.0-py3-none-any.whl size=464306 sha256=035e1b383a5cca75b08c6133641109dc5f048cff2debb14f357936d5f382f6cc
#24 10.16   Stored in directory: /tmp/pip-ephem-wheel-cache-r867mb1w/wheels/54/1b/b7/aa63e25c8f14f4f2ae7b04e6097bdecb770e455c5c1ee0a600
#24 10.16 Successfully built cad2gis
#24 10.18 Installing collected packages: scipy, cad2gis
#24 12.92 
#24 12.92 Successfully installed cad2gis-0.1.0 scipy-1.18.1
#24 12.93 WARNING: Running pip as the 'root' user can result in broken permissions and conflicting behaviour with the system package manager, possibly rendering your system unusable. It is recommended to use a virtual environment instead: https://pip.pypa.io/warnings/venv. Use the --root-user-action option if you know what you are doing and want to suppress this warning.
#24 13.77 LibreDWG OK
#24 DONE 14.0s

#25 [gis 11/15] COPY --from=baselines / /app/baselines/
#25 DONE 0.2s

#26 [gis 12/15] COPY --from=raw / /app/raw/
#26 DONE 0.1s

#27 [gis 13/15] COPY scripts/run_all.sh /usr/local/bin/run_all.sh
#27 DONE 0.0s

#28 [gis 14/15] RUN chmod +x /usr/local/bin/run_all.sh
#28 DONE 0.2s

#29 [gis 15/15] WORKDIR /app
#29 DONE 0.1s

#30 exporting to image
#30 exporting layers
#30 exporting layers 21.7s done
#30 exporting manifest sha256:b25f0f9b1a87d2180815dc1ceb4e92e1099b2626104973d0b55320b090b38658 0.0s done
#30 exporting config sha256:541ce8b3d08cffaea5bbdbf3b125306b712f9435f125e3a6cdb3ff5de71aa51b 0.0s done
#30 exporting attestation manifest sha256:f84186bc8570c6fac558177b75e3f215a1c2ec7696ad25123e750c1ac6266c89 0.0s done
#30 exporting manifest list sha256:0fe0e46ed039a4d53744662ef0e3a42fe684030505fd43948922bab38ce095aa 0.0s done
#30 naming to docker.io/library/cad2gis-ftth:0.1.0 done
#30 unpacking to docker.io/library/cad2gis-ftth:0.1.0
#30 unpacking to docker.io/library/cad2gis-ftth:0.1.0 13.0s done
#30 DONE 34.8s
